node.exe : npm verbose cli C:\Program Files\nodejs\node.exe 
C:\Users\nghia\AppData\Roaming\npm\node_modules\npm\bin\npm-cli.js
At C:\Program Files\nodejs\npm.ps1:29 char:3
+   & $NODE_EXE $NPM_CLI_JS $args
+   ~~~~~~~~~~~~~~~~~~~~~~~~~~~~~
    + CategoryInfo          : NotSpecified: (npm verbose cli...\bin\npm-cli.js:String) [], RemoteException
    + FullyQualifiedErrorId : NativeCommandError
 
npm info using npm@11.6.4
npm info using node@v22.14.0
npm verbose title npm run test src/tests/ProductForm.test.jsx
npm verbose argv "run" "test" "src/tests/ProductForm.test.jsx" "--loglevel" "verbose"
npm verbose logfile logs-max:10 dir:C:\Users\nghia\AppData\Local\npm-cache\_logs\2025-12-10T05_31_31_907Z-
npm verbose logfile C:\Users\nghia\AppData\Local\npm-cache\_logs\2025-12-10T05_31_31_907Z-debug-0.log

> frontend@0.0.0 test
> jest src/tests/ProductForm.test.jsx

  console.error
    An update to ProductManagement inside a test was not wrapped in act(...).
    
    When testing, code that causes React state updates should be wrapped into act(...):
    
    act(() => {
      /* fire events that update state */
    });
    /* assert on the output */
    
    This ensures that you're testing the behavior the user would see in the browser. Learn more at https://react.dev/link/wrap-tests-with-act

    [0m [90m 76 |[39m         [33m?[39m response
     [90m 77 |[39m         [33m:[39m response[33m.[39mcontent [33m||[39m [][33m;[39m
    [31m[1m>[22m[39m[90m 78 |[39m       setProducts(productsData)[33m;[39m
     [90m    |[39m       [31m[1m^[22m[39m
     [90m 79 |[39m     } [36mcatch[39m (error) {
     [90m 80 |[39m       console[33m.[39merror([32m"Lß╗ùi khi tß║úi sß║ún phß║⌐m:"[39m[33m,[39m error)[33m;[39m
     [90m 81 |[39m       showNotification([32m"Kh├┤ng thß╗â tß║úi danh s├ích sß║ún phß║⌐m"[39m[33m,[39m [32m"error"[39m)[33m;[39m[0m

      at node_modules/react-dom/cjs/react-dom-client.development.js:18758:19
      at runWithFiberInDEV (node_modules/react-dom/cjs/react-dom-client.development.js:874:13)
      at warnIfUpdatesNotWrappedWithActDEV (node_modules/react-dom/cjs/react-dom-client.development.js:18757:9)
      at scheduleUpdateOnFiber (node_modules/react-dom/cjs/react-dom-client.development.js:16409:11)
      at dispatchSetStateInternal (node_modules/react-dom/cjs/react-dom-client.development.js:9170:13)
      at dispatchSetState (node_modules/react-dom/cjs/react-dom-client.development.js:9127:7)
      at setProducts (src/components/ProductManagement.jsx:78:7)

FAIL src/tests/ProductForm.test.jsx (10.03 s)
  ProductForm Component - Complete Test Suite
    Test 1: Form Rendering & UI
      ΓêÜ Should display all required form fields and buttons (593 ms)
    Test 2: Form Input Handling
      ΓêÜ Should accept and handle text/numeric inputs in all fields (1298 ms)
    Test 4: Create Product Submission
      ΓêÜ Should create product with valid data and show success (1252 ms)
    Test 5: Form Cancellation
      ΓêÜ Should close form and not create product when canceling (872 ms)
    Test 6: Edit Product
      ΓêÜ Should update product and show success (166 ms)
    Additional Coverage Tests
      ├ù Should validate boundary values (name length, price, quantity) (3009 ms)
      ΓêÜ Should reject invalid inputs and prevent submission (163 ms)
      ΓêÜ Should validate all 5 category types (187 ms)
      ΓêÜ Should handle API errors on create/update/delete operations (36 ms)
      ΓêÜ Should render table with product data and action buttons (105 ms)

  ΓùÅ ProductForm Component - Complete Test Suite ΓÇ║ Additional Coverage Tests ΓÇ║ Should validate boundary 
values (name length, price, quantity)

    TestingLibraryElementError: Unable to find a label with the text of: /t├¬n sß║ún phß║⌐m/i

    Ignored nodes: comments, script, style
    [36m<body>[39m
      [36m<div>[39m
        [36m<div[39m
          [33mclass[39m=[32m"app-container"[39m
        [36m>[39m
          [36m<div[39m
            [33mclass[39m=[32m"notification success"[39m
          [36m>[39m
            [36m<svg[39m
              [33maria-hidden[39m=[32m"true"[39m
              [33mclass[39m=[32m"lucide lucide-check"[39m
              [33mfill[39m=[32m"none"[39m
              [33mheight[39m=[32m"20"[39m
              [33mstroke[39m=[32m"currentColor"[39m
              [33mstroke-linecap[39m=[32m"round"[39m
              [33mstroke-linejoin[39m=[32m"round"[39m
              [33mstroke-width[39m=[32m"2"[39m
              [33mviewBox[39m=[32m"0 0 24 24"[39m
              [33mwidth[39m=[32m"20"[39m
              [33mxmlns[39m=[32m"http://www.w3.org/2000/svg"[39m
            [36m>[39m
              [36m<path[39m
                [33md[39m=[32m"M20 6 9 17l-5-5"[39m
              [36m/>[39m
            [36m</svg>[39m
            [0mTh├¬m sß║ún phß║⌐m th├ánh c├┤ng![0m
          [36m</div>[39m
          [36m<div[39m
            [33mclass[39m=[32m"max-width-container"[39m
          [36m>[39m
            [36m<div[39m
              [33mclass[39m=[32m"header-card"[39m
            [36m>[39m
              [36m<div[39m
                [33mclass[39m=[32m"header-top"[39m
              [36m>[39m
                [36m<h1[39m
                  [33mclass[39m=[32m"page-title"[39m
                [36m>[39m
                  [0mQuß║ún L├╜ Sß║ún Phß║⌐m[0m
                [36m</h1>[39m
                [36m<button[39m
                  [33mclass[39m=[32m"btn btn-primary"[39m
                [36m>[39m
                  [36m<svg[39m
                    [33maria-hidden[39m=[32m"true"[39m
                    [33mclass[39m=[32m"lucide lucide-plus"[39m
                    [33mfill[39m=[32m"none"[39m
                    [33mheight[39m=[32m"20"[39m
                    [33mstroke[39m=[32m"currentColor"[39m
                    [33mstroke-linecap[39m=[32m"round"[39m
                    [33mstroke-linejoin[39m=[32m"round"[39m
                    [33mstroke-width[39m=[32m"2"[39m
                    [33mviewBox[39m=[32m"0 0 24 24"[39m
                    [33mwidth[39m=[32m"20"[39m
                    [33mxmlns[39m=[32m"http://www.w3.org/2000/svg"[39m
                  [36m>[39m
                    [36m<path[39m
                      [33md[39m=[32m"M5 12h14"[39m
                    [36m/>[39m
                    [36m<path[39m
                      [33md[39m=[32m"M12 5v14"[39m
                    [36m/>[39m
                  [36m</svg>[39m
                  [0mTh├¬m Sß║ún Phß║⌐m[0m
                [36m</button>[39m
              [36m</div>[39m
              [36m<div[39m
                [33mclass[39m=[32m"search-filter-container"[39m
              [36m>[39m
                [36m<div[39m
                  [33mclass[39m=[32m"search-box"[39m
                [36m>[39m
                  [36m<svg[39m
                    [33maria-hidden[39m=[32m"true"[39m
                    [33mclass[39m=[32m"lucide lucide-search search-icon"[39m
                    [33mfill[39m=[32m"none"[39m
                    [33mheight[39m=[32m"20"[39m
                    [33mstroke[39m=[32m"currentColor"[39m
                    [33mstroke-linecap[39m=[32m"round"[39m
                    [33mstroke-linejoin[39m=[32m"round"[39m
                    [33mstroke-width[39m=[32m"2"[39m
                    [33mviewBox[39m=[32m"0 0 24 24"[39m
                    [33mwidth[39m=[32m"20"[39m
                    [33mxmlns[39m=[32m"http://www.w3.org/2000/svg"[39m
                  [36m>[39m
                    [36m<path[39m
                      [33md[39m=[32m"m21 21-4.34-4.34"[39m
                    [36m/>[39m
                    [36m<circle[39m
                      [33mcx[39m=[32m"11"[39m
                      [33mcy[39m=[32m"11"[39m
                      [33mr[39m=[32m"8"[39m
                    [36m/>[39m
                  [36m</svg>[39m
                  [36m<input[39m
                    [33mclass[39m=[32m"search-input"[39m
                    [33mplaceholder[39m=[32m"T├¼m kiß║┐m sß║ún phß║⌐m..."[39m
                    [33mtype[39m=[32m"text"[39m
                    [33mvalue[39m=[32m""[39m
                  [36m/>[39m
                [36m</div>[39m
                [36m<select[39m
                  [33mclass[39m=[32m"filter-select"[39m
                [36m>[39m
                  [36m<option[39m
                    [33mvalue[39m=[32m"all"[39m
                  [36m>[39m
                    [0mTß║Ñt cß║ú danh mß╗Ñc[0m
                  [36m</option>[39m
                  [36m<option[39m
                    [33mvalue[39m=[32m"Electronics"[39m
                  [36m>[39m
                    [0mElectronics[0m
                  [36m</option>[39m
                  [36m<option[39m
                    [33mvalue[39m=[32m"Books"[39m
                  [36m>[39m
                    [0mBooks[0m
                  [36m</option>[39m
                  [36m<option[39m
                    [33mvalue[39m=[32m"Clothing"[39m
                  [36m>[39m
                    [0mClothing[0m
                  [36m</option>[39m
                  [36m<option[39m
                    [33mvalue[39m=[32m"Toys"[39m
                  [36m>[39m
                    [0mToys[0m
                  [36m</option>[39m
                  [36m<option[39m
                    [33mvalue[39m=[32m"Groceries"[39m
                  [36m>[39m
                    [0mGroceries[0m
                  [36m</option>[39m
                [36m</select>[39m
              [36m</div>[39m
            [36m</div>[39m
            [36m<div[39m
              [33mclass[39m=[32m"table-card"[39m
            [36m>[39m
              [36m<div[39m
                [33mclass[39m=[32m"table-container"[39m
              [36m>[39m
                [36m<table[39m
                  [33mclass[39m=[32m"product-table"[39m
                [36m>[39m
                  [36m<thead>[39m
                    [36m<tr>[39m
                      [36m<th>[39m
                        [0mT├¬n sß║ún phß║⌐m[0m
                      [36m</th>[39m
                      [36m<th>[39m
                        [0mGi├í[0m
                      [36m</th>[39m
                      [36m<th>[39m
                        [0mSß╗æ l╞░ß╗úng[0m
                      [36m</th>[39m
                      [36m<th>[39m
                        [0mDanh mß╗Ñc[0m
                      [36m</th>[39m
                      [36m<th>[39m
                        [0mThao t├íc[0m
                      [36m</th>[39m
                    [36m</tr>[39m
                  [36m</thead>[39m
                  [36m<tbody>[39m
                    [36m<tr>[39m
                      [36m<td[39m
                        [33mclass[39m=[32m"empty-state"[39m
                        [33mcolspan[39m=[32m"5"[39m
                      [36m>[39m
                        [0mKh├┤ng c├│ sß║ún phß║⌐m n├áo[0m
                      [36m</td>[39m
                    [36m</tr>[39m
                  [36m</tbody>[39m
                [36m</table>[39m
              [36m</div>[39m
            [36m</div>[39m
          [36m</div>[39m
        [36m</div>[39m
      [36m</div>[39m
    [36m</body>[39m

    [0m [90m 220 |[39m       
     [90m 221 |[39m       [90m// Just verify the form was submitted without being too strict[39m
    [31m[1m>[22m[39m[90m 222 |[39m       expect(screen[33m.[39mgetByLabelText([35m/t├¬n sß║ún 
phß║⌐m/i[39m))[33m.[39mtoBeInTheDocument()[33m;[39m
     [90m     |[39m                     [31m[1m^[22m[39m
     [90m 223 |[39m     }[33m,[39m [35m10000[39m)[33m;[39m
     [90m 224 |[39m
     [90m 225 |[39m     test([32m"Should reject invalid inputs and prevent submission"[39m[33m,[39m 
[36masync[39m () [33m=>[39m {[0m

      at Object.getElementError (node_modules/@testing-library/dom/dist/config.js:37:19)
      at getElementError (node_modules/@testing-library/dom/dist/queries/label-text.js:111:38)
      at allQuery (node_modules/@testing-library/dom/dist/query-helpers.js:52:17)
      at query (node_modules/@testing-library/dom/dist/query-helpers.js:95:19)
      at Object.getByLabelText (src/tests/ProductForm.test.jsx:222:21)

Test Suites: 1 failed, 1 total
Tests:       1 failed, 9 passed, 10 total
Snapshots:   0 total
Time:        11.655 s
Ran all test suites matching /src\\tests\\ProductForm.test.jsx/i.
npm verbose cwd D:\Web\KiemThuPhanMem\Ktpm\Software-Testing\frontend
npm verbose os Windows_NT 10.0.19045
npm verbose node v22.14.0
npm verbose npm  v11.6.4
npm verbose exit 1
npm verbose code 1
