
> frontend@0.0.0 test
> jest

node.exe : PASS src/tests/ProductComponentsIntegration.test.jsx (8.575 s)
At C:\Program Files\nodejs\npm.ps1:29 char:3
+   & $NODE_EXE $NPM_CLI_JS $args
+   ~~~~~~~~~~~~~~~~~~~~~~~~~~~~~
    + CategoryInfo          : NotSpecified: (PASS src/tests/...t.jsx (8.575 s):String) [], RemoteExcepti 
   on
    + FullyQualifiedErrorId : NativeCommandError
 
PASS src/tests/ProductMockExternal.test.jsx
PASS src/tests/validateProduct.test.js
PASS src/tests/validation.test.js
PASS src/tests/LoginMockExternal.test.jsx (16.173 s)
FAIL src/tests/LoginIntegration.test.jsx (36.027 s)
  ΓùÅ Console

    console.error
      Error: Cross origin http://localhost forbidden
          at dispatchError (D:\Web\KiemThuPhanMem\Ktpm\Software-Testing\frontend\node_modules\jsdom\lib\j
sdom\living\xhr\xhr-utils.js:62:19)
          at Object.validCORSHeaders (D:\Web\KiemThuPhanMem\Ktpm\Software-Testing\frontend\node_modules\j
sdom\lib\jsdom\living\xhr\xhr-utils.js:74:5)
          at receiveResponse (D:\Web\KiemThuPhanMem\Ktpm\Software-Testing\frontend\node_modules\jsdom\lib
\jsdom\living\xhr\XMLHttpRequest-impl.js:794:19)
          at Request.<anonymous> (D:\Web\KiemThuPhanMem\Ktpm\Software-Testing\frontend\node_modules\jsdom
\lib\jsdom\living\xhr\XMLHttpRequest-impl.js:658:43)
          at Request.emit (node:events:518:28)
          at Request._processResponse (D:\Web\KiemThuPhanMem\Ktpm\Software-Testing\frontend\node_modules\
jsdom\lib\jsdom\living\helpers\http-request.js:240:12)
          at ClientRequest.<anonymous> (D:\Web\KiemThuPhanMem\Ktpm\Software-Testing\frontend\node_modules
\jsdom\lib\jsdom\living\helpers\http-request.js:107:12)
          at Object.onceWrapper (node:events:633:26)
          at ClientRequest.emit (node:events:530:35)
          at HTTPParser.parserOnIncomingClient [as onIncoming] (node:_http_client:716:27)
          at HTTPParser.parserOnHeadersComplete (node:_http_common:117:17)
          at TLSSocket.socketOnData (node:_http_client:558:22)
          at TLSSocket.emit (node:events:518:28)
          at addChunk (node:internal/streams/readable:561:12)
          at readableAddChunkPushByteMode (node:internal/streams/readable:512:3)
          at TLSSocket.Readable.push (node:internal/streams/readable:392:5)
          at TLSWrap.onStreamRead (node:internal/stream_base_commons:189:23) {
        type: 'XMLHttpRequest'
      }

      at VirtualConsole.<anonymous> (node_modules/@jest/environment-jsdom-abstract/build/index.js:87:23)
      at dispatchError (node_modules/jsdom/lib/jsdom/living/xhr/xhr-utils.js:65:53)
      at Object.validCORSHeaders (node_modules/jsdom/lib/jsdom/living/xhr/xhr-utils.js:74:5)
      at receiveResponse (node_modules/jsdom/lib/jsdom/living/xhr/XMLHttpRequest-impl.js:794:19)
      at Request.<anonymous> (node_modules/jsdom/lib/jsdom/living/xhr/XMLHttpRequest-impl.js:658:43)
      at Request._processResponse (node_modules/jsdom/lib/jsdom/living/helpers/http-request.js:240:12)
      at ClientRequest.<anonymous> (node_modules/jsdom/lib/jsdom/living/helpers/http-request.js:107:12)

    console.error
      Error: Cross origin http://localhost forbidden
          at dispatchError (D:\Web\KiemThuPhanMem\Ktpm\Software-Testing\frontend\node_modules\jsdom\lib\j
sdom\living\xhr\xhr-utils.js:62:19)
          at Object.validCORSHeaders (D:\Web\KiemThuPhanMem\Ktpm\Software-Testing\frontend\node_modules\j
sdom\lib\jsdom\living\xhr\xhr-utils.js:74:5)
          at receiveResponse (D:\Web\KiemThuPhanMem\Ktpm\Software-Testing\frontend\node_modules\jsdom\lib
\jsdom\living\xhr\XMLHttpRequest-impl.js:794:19)
          at Request.<anonymous> (D:\Web\KiemThuPhanMem\Ktpm\Software-Testing\frontend\node_modules\jsdom
\lib\jsdom\living\xhr\XMLHttpRequest-impl.js:658:43)
          at Request.emit (node:events:518:28)
          at Request._processResponse (D:\Web\KiemThuPhanMem\Ktpm\Software-Testing\frontend\node_modules\
jsdom\lib\jsdom\living\helpers\http-request.js:240:12)
          at ClientRequest.<anonymous> (D:\Web\KiemThuPhanMem\Ktpm\Software-Testing\frontend\node_modules
\jsdom\lib\jsdom\living\helpers\http-request.js:107:12)
          at Object.onceWrapper (node:events:633:26)
          at ClientRequest.emit (node:events:530:35)
          at HTTPParser.parserOnIncomingClient [as onIncoming] (node:_http_client:716:27)
          at HTTPParser.parserOnHeadersComplete (node:_http_common:117:17)
          at TLSSocket.socketOnData (node:_http_client:558:22)
          at TLSSocket.emit (node:events:518:28)
          at addChunk (node:internal/streams/readable:561:12)
          at readableAddChunkPushByteMode (node:internal/streams/readable:512:3)
          at TLSSocket.Readable.push (node:internal/streams/readable:392:5)
          at TLSWrap.onStreamRead (node:internal/stream_base_commons:189:23) {
        type: 'XMLHttpRequest'
      }

      at VirtualConsole.<anonymous> (node_modules/@jest/environment-jsdom-abstract/build/index.js:87:23)
      at dispatchError (node_modules/jsdom/lib/jsdom/living/xhr/xhr-utils.js:65:53)
      at Object.validCORSHeaders (node_modules/jsdom/lib/jsdom/living/xhr/xhr-utils.js:74:5)
      at receiveResponse (node_modules/jsdom/lib/jsdom/living/xhr/XMLHttpRequest-impl.js:794:19)
      at Request.<anonymous> (node_modules/jsdom/lib/jsdom/living/xhr/XMLHttpRequest-impl.js:658:43)
      at Request._processResponse (node_modules/jsdom/lib/jsdom/living/helpers/http-request.js:240:12)
      at ClientRequest.<anonymous> (node_modules/jsdom/lib/jsdom/living/helpers/http-request.js:107:12)

    console.error
      Error: Cross origin http://localhost forbidden
          at dispatchError (D:\Web\KiemThuPhanMem\Ktpm\Software-Testing\frontend\node_modules\jsdom\lib\j
sdom\living\xhr\xhr-utils.js:62:19)
          at Object.validCORSHeaders (D:\Web\KiemThuPhanMem\Ktpm\Software-Testing\frontend\node_modules\j
sdom\lib\jsdom\living\xhr\xhr-utils.js:74:5)
          at receiveResponse (D:\Web\KiemThuPhanMem\Ktpm\Software-Testing\frontend\node_modules\jsdom\lib
\jsdom\living\xhr\XMLHttpRequest-impl.js:794:19)
          at Request.<anonymous> (D:\Web\KiemThuPhanMem\Ktpm\Software-Testing\frontend\node_modules\jsdom
\lib\jsdom\living\xhr\XMLHttpRequest-impl.js:658:43)
          at Request.emit (node:events:518:28)
          at Request._processResponse (D:\Web\KiemThuPhanMem\Ktpm\Software-Testing\frontend\node_modules\
jsdom\lib\jsdom\living\helpers\http-request.js:240:12)
          at ClientRequest.<anonymous> (D:\Web\KiemThuPhanMem\Ktpm\Software-Testing\frontend\node_modules
\jsdom\lib\jsdom\living\helpers\http-request.js:107:12)
          at Object.onceWrapper (node:events:633:26)
          at ClientRequest.emit (node:events:530:35)
          at HTTPParser.parserOnIncomingClient [as onIncoming] (node:_http_client:716:27)
          at HTTPParser.parserOnHeadersComplete (node:_http_common:117:17)
          at TLSSocket.socketOnData (node:_http_client:558:22)
          at TLSSocket.emit (node:events:518:28)
          at addChunk (node:internal/streams/readable:561:12)
          at readableAddChunkPushByteMode (node:internal/streams/readable:512:3)
          at TLSSocket.Readable.push (node:internal/streams/readable:392:5)
          at TLSWrap.onStreamRead (node:internal/stream_base_commons:189:23) {
        type: 'XMLHttpRequest'
      }

      at VirtualConsole.<anonymous> (node_modules/@jest/environment-jsdom-abstract/build/index.js:87:23)
      at dispatchError (node_modules/jsdom/lib/jsdom/living/xhr/xhr-utils.js:65:53)
      at Object.validCORSHeaders (node_modules/jsdom/lib/jsdom/living/xhr/xhr-utils.js:74:5)
      at receiveResponse (node_modules/jsdom/lib/jsdom/living/xhr/XMLHttpRequest-impl.js:794:19)
      at Request.<anonymous> (node_modules/jsdom/lib/jsdom/living/xhr/XMLHttpRequest-impl.js:658:43)
      at Request._processResponse (node_modules/jsdom/lib/jsdom/living/helpers/http-request.js:240:12)
      at ClientRequest.<anonymous> (node_modules/jsdom/lib/jsdom/living/helpers/http-request.js:107:12)

    console.error
      Error: Cross origin http://localhost forbidden
          at dispatchError (D:\Web\KiemThuPhanMem\Ktpm\Software-Testing\frontend\node_modules\jsdom\lib\j
sdom\living\xhr\xhr-utils.js:62:19)
          at Object.validCORSHeaders (D:\Web\KiemThuPhanMem\Ktpm\Software-Testing\frontend\node_modules\j
sdom\lib\jsdom\living\xhr\xhr-utils.js:74:5)
          at receiveResponse (D:\Web\KiemThuPhanMem\Ktpm\Software-Testing\frontend\node_modules\jsdom\lib
\jsdom\living\xhr\XMLHttpRequest-impl.js:794:19)
          at Request.<anonymous> (D:\Web\KiemThuPhanMem\Ktpm\Software-Testing\frontend\node_modules\jsdom
\lib\jsdom\living\xhr\XMLHttpRequest-impl.js:658:43)
          at Request.emit (node:events:518:28)
          at Request._processResponse (D:\Web\KiemThuPhanMem\Ktpm\Software-Testing\frontend\node_modules\
jsdom\lib\jsdom\living\helpers\http-request.js:240:12)
          at ClientRequest.<anonymous> (D:\Web\KiemThuPhanMem\Ktpm\Software-Testing\frontend\node_modules
\jsdom\lib\jsdom\living\helpers\http-request.js:107:12)
          at Object.onceWrapper (node:events:633:26)
          at ClientRequest.emit (node:events:530:35)
          at HTTPParser.parserOnIncomingClient [as onIncoming] (node:_http_client:716:27)
          at HTTPParser.parserOnHeadersComplete (node:_http_common:117:17)
          at TLSSocket.socketOnData (node:_http_client:558:22)
          at TLSSocket.emit (node:events:518:28)
          at addChunk (node:internal/streams/readable:561:12)
          at readableAddChunkPushByteMode (node:internal/streams/readable:512:3)
          at TLSSocket.Readable.push (node:internal/streams/readable:392:5)
          at TLSWrap.onStreamRead (node:internal/stream_base_commons:189:23) {
        type: 'XMLHttpRequest'
      }

      at VirtualConsole.<anonymous> (node_modules/@jest/environment-jsdom-abstract/build/index.js:87:23)
      at dispatchError (node_modules/jsdom/lib/jsdom/living/xhr/xhr-utils.js:65:53)
      at Object.validCORSHeaders (node_modules/jsdom/lib/jsdom/living/xhr/xhr-utils.js:74:5)
      at receiveResponse (node_modules/jsdom/lib/jsdom/living/xhr/XMLHttpRequest-impl.js:794:19)
      at Request.<anonymous> (node_modules/jsdom/lib/jsdom/living/xhr/XMLHttpRequest-impl.js:658:43)
      at Request._processResponse (node_modules/jsdom/lib/jsdom/living/helpers/http-request.js:240:12)
      at ClientRequest.<anonymous> (node_modules/jsdom/lib/jsdom/living/helpers/http-request.js:107:12)

    console.error
      Error: Cross origin http://localhost forbidden
          at dispatchError (D:\Web\KiemThuPhanMem\Ktpm\Software-Testing\frontend\node_modules\jsdom\lib\j
sdom\living\xhr\xhr-utils.js:62:19)
          at Object.validCORSHeaders (D:\Web\KiemThuPhanMem\Ktpm\Software-Testing\frontend\node_modules\j
sdom\lib\jsdom\living\xhr\xhr-utils.js:74:5)
          at receiveResponse (D:\Web\KiemThuPhanMem\Ktpm\Software-Testing\frontend\node_modules\jsdom\lib
\jsdom\living\xhr\XMLHttpRequest-impl.js:794:19)
          at Request.<anonymous> (D:\Web\KiemThuPhanMem\Ktpm\Software-Testing\frontend\node_modules\jsdom
\lib\jsdom\living\xhr\XMLHttpRequest-impl.js:658:43)
          at Request.emit (node:events:518:28)
          at Request._processResponse (D:\Web\KiemThuPhanMem\Ktpm\Software-Testing\frontend\node_modules\
jsdom\lib\jsdom\living\helpers\http-request.js:240:12)
          at ClientRequest.<anonymous> (D:\Web\KiemThuPhanMem\Ktpm\Software-Testing\frontend\node_modules
\jsdom\lib\jsdom\living\helpers\http-request.js:107:12)
          at Object.onceWrapper (node:events:633:26)
          at ClientRequest.emit (node:events:530:35)
          at HTTPParser.parserOnIncomingClient [as onIncoming] (node:_http_client:716:27)
          at HTTPParser.parserOnHeadersComplete (node:_http_common:117:17)
          at TLSSocket.socketOnData (node:_http_client:558:22)
          at TLSSocket.emit (node:events:518:28)
          at addChunk (node:internal/streams/readable:561:12)
          at readableAddChunkPushByteMode (node:internal/streams/readable:512:3)
          at TLSSocket.Readable.push (node:internal/streams/readable:392:5)
          at TLSWrap.onStreamRead (node:internal/stream_base_commons:189:23) {
        type: 'XMLHttpRequest'
      }

      at VirtualConsole.<anonymous> (node_modules/@jest/environment-jsdom-abstract/build/index.js:87:23)
      at dispatchError (node_modules/jsdom/lib/jsdom/living/xhr/xhr-utils.js:65:53)
      at Object.validCORSHeaders (node_modules/jsdom/lib/jsdom/living/xhr/xhr-utils.js:74:5)
      at receiveResponse (node_modules/jsdom/lib/jsdom/living/xhr/XMLHttpRequest-impl.js:794:19)
      at Request.<anonymous> (node_modules/jsdom/lib/jsdom/living/xhr/XMLHttpRequest-impl.js:658:43)
      at Request._processResponse (node_modules/jsdom/lib/jsdom/living/helpers/http-request.js:240:12)
      at ClientRequest.<anonymous> (node_modules/jsdom/lib/jsdom/living/helpers/http-request.js:107:12)

    console.error
      Error: Cross origin http://localhost forbidden
          at dispatchError (D:\Web\KiemThuPhanMem\Ktpm\Software-Testing\frontend\node_modules\jsdom\lib\j
sdom\living\xhr\xhr-utils.js:62:19)
          at Object.validCORSHeaders (D:\Web\KiemThuPhanMem\Ktpm\Software-Testing\frontend\node_modules\j
sdom\lib\jsdom\living\xhr\xhr-utils.js:74:5)
          at receiveResponse (D:\Web\KiemThuPhanMem\Ktpm\Software-Testing\frontend\node_modules\jsdom\lib
\jsdom\living\xhr\XMLHttpRequest-impl.js:794:19)
          at Request.<anonymous> (D:\Web\KiemThuPhanMem\Ktpm\Software-Testing\frontend\node_modules\jsdom
\lib\jsdom\living\xhr\XMLHttpRequest-impl.js:658:43)
          at Request.emit (node:events:518:28)
          at Request._processResponse (D:\Web\KiemThuPhanMem\Ktpm\Software-Testing\frontend\node_modules\
jsdom\lib\jsdom\living\helpers\http-request.js:240:12)
          at ClientRequest.<anonymous> (D:\Web\KiemThuPhanMem\Ktpm\Software-Testing\frontend\node_modules
\jsdom\lib\jsdom\living\helpers\http-request.js:107:12)
          at Object.onceWrapper (node:events:633:26)
          at ClientRequest.emit (node:events:530:35)
          at HTTPParser.parserOnIncomingClient [as onIncoming] (node:_http_client:716:27)
          at HTTPParser.parserOnHeadersComplete (node:_http_common:117:17)
          at TLSSocket.socketOnData (node:_http_client:558:22)
          at TLSSocket.emit (node:events:518:28)
          at addChunk (node:internal/streams/readable:561:12)
          at readableAddChunkPushByteMode (node:internal/streams/readable:512:3)
          at TLSSocket.Readable.push (node:internal/streams/readable:392:5)
          at TLSWrap.onStreamRead (node:internal/stream_base_commons:189:23) {
        type: 'XMLHttpRequest'
      }

      at VirtualConsole.<anonymous> (node_modules/@jest/environment-jsdom-abstract/build/index.js:87:23)
      at dispatchError (node_modules/jsdom/lib/jsdom/living/xhr/xhr-utils.js:65:53)
      at Object.validCORSHeaders (node_modules/jsdom/lib/jsdom/living/xhr/xhr-utils.js:74:5)
      at receiveResponse (node_modules/jsdom/lib/jsdom/living/xhr/XMLHttpRequest-impl.js:794:19)
      at Request.<anonymous> (node_modules/jsdom/lib/jsdom/living/xhr/XMLHttpRequest-impl.js:658:43)
      at Request._processResponse (node_modules/jsdom/lib/jsdom/living/helpers/http-request.js:240:12)
      at ClientRequest.<anonymous> (node_modules/jsdom/lib/jsdom/living/helpers/http-request.js:107:12)

    console.error
      Error: Cross origin http://localhost forbidden
          at dispatchError (D:\Web\KiemThuPhanMem\Ktpm\Software-Testing\frontend\node_modules\jsdom\lib\j
sdom\living\xhr\xhr-utils.js:62:19)
          at Object.validCORSHeaders (D:\Web\KiemThuPhanMem\Ktpm\Software-Testing\frontend\node_modules\j
sdom\lib\jsdom\living\xhr\xhr-utils.js:74:5)
          at receiveResponse (D:\Web\KiemThuPhanMem\Ktpm\Software-Testing\frontend\node_modules\jsdom\lib
\jsdom\living\xhr\XMLHttpRequest-impl.js:794:19)
          at Request.<anonymous> (D:\Web\KiemThuPhanMem\Ktpm\Software-Testing\frontend\node_modules\jsdom
\lib\jsdom\living\xhr\XMLHttpRequest-impl.js:658:43)
          at Request.emit (node:events:518:28)
          at Request._processResponse (D:\Web\KiemThuPhanMem\Ktpm\Software-Testing\frontend\node_modules\
jsdom\lib\jsdom\living\helpers\http-request.js:240:12)
          at ClientRequest.<anonymous> (D:\Web\KiemThuPhanMem\Ktpm\Software-Testing\frontend\node_modules
\jsdom\lib\jsdom\living\helpers\http-request.js:107:12)
          at Object.onceWrapper (node:events:633:26)
          at ClientRequest.emit (node:events:530:35)
          at HTTPParser.parserOnIncomingClient [as onIncoming] (node:_http_client:716:27)
          at HTTPParser.parserOnHeadersComplete (node:_http_common:117:17)
          at TLSSocket.socketOnData (node:_http_client:558:22)
          at TLSSocket.emit (node:events:518:28)
          at addChunk (node:internal/streams/readable:561:12)
          at readableAddChunkPushByteMode (node:internal/streams/readable:512:3)
          at TLSSocket.Readable.push (node:internal/streams/readable:392:5)
          at TLSWrap.onStreamRead (node:internal/stream_base_commons:189:23) {
        type: 'XMLHttpRequest'
      }

      at VirtualConsole.<anonymous> (node_modules/@jest/environment-jsdom-abstract/build/index.js:87:23)
      at dispatchError (node_modules/jsdom/lib/jsdom/living/xhr/xhr-utils.js:65:53)
      at Object.validCORSHeaders (node_modules/jsdom/lib/jsdom/living/xhr/xhr-utils.js:74:5)
      at receiveResponse (node_modules/jsdom/lib/jsdom/living/xhr/XMLHttpRequest-impl.js:794:19)
      at Request.<anonymous> (node_modules/jsdom/lib/jsdom/living/xhr/XMLHttpRequest-impl.js:658:43)
      at Request._processResponse (node_modules/jsdom/lib/jsdom/living/helpers/http-request.js:240:12)
      at ClientRequest.<anonymous> (node_modules/jsdom/lib/jsdom/living/helpers/http-request.js:107:12)

  ΓùÅ Login - Integration Testing ΓÇ║ Test 2: Form Submission v├á API Calls ΓÇ║ n├¬n gß╗ìi login API khi 
form submit vß╗¢i dß╗» liß╗çu hß╗úp lß╗ç - admin

    expect(received).toBeInTheDocument()

    received value must be an HTMLElement or an SVGElement.
    Received has value: null

    Ignored nodes: comments, script, style
    [36m<html>[39m
      [36m<head />[39m
      [36m<body>[39m
        [36m<div>[39m
          [36m<div[39m
            [33mstyle[39m=[32m"min-height: 100vh; background: linear-gradient(135deg, #3b82f6 0%, 
#8b5cf6 100%); display: flex; align-items: center; justify-content: center; padding: 16px; font-family: 
Arial, sans-serif;"[39m
          [36m>[39m
            [36m<div[39m
              [33mstyle[39m=[32m"width: 100%; max-width: 400px; animation: slideInUp 0.6s 
ease-out;"[39m
            [36m>[39m
              [36m<div[39m
                [33mstyle[39m=[32m"text-align: center; margin-bottom: 32px;"[39m
              [36m>[39m
                [36m<div[39m
                  [33mstyle[39m=[32m"display: inline-block; margin-bottom: 16px; animation: float 3s 
ease-in-out infinite;"[39m
                [36m>[39m
                  [36m<div[39m
                    [33mstyle[39m=[32m"width: 64px; height: 64px; background: white; border-radius: 
50%; display: flex; align-items: center; justify-content: center; box-shadow: 0 10px 30px rgba(0, 0, 0, 
0.2); margin: 0px auto;"[39m
                  [36m>[39m
                    [36m<span[39m
                      [33mstyle[39m=[32m"font-size: 32px;"[39m
                    [36m>[39m
                      [0m≡ƒöÉ[0m
                    [36m</span>[39m
                  [36m</div>[39m
                [36m</div>[39m
                [36m<h1[39m
                  [33mstyle[39m=[32m"font-size: 36px; font-weight: bold; color: white; margin: 8px 
0px;"[39m
                [36m>[39m
                  [0m─É─âng Nhß║¡p[0m
                [36m</h1>[39m
                [36m<p[39m
                  [33mstyle[39m=[32m"font-size: 14px; color: rgba(255, 255, 255, 0.7); margin: 
0px;"[39m
                [36m>[39m
                  [0mCh├áo mß╗½ng bß║ín quay lß║íi[0m
                [36m</p>[39m
              [36m</div>[39m
              [36m<div[39m
                [33mstyle[39m=[32m"background: white; border-radius: 16px; box-shadow: 0 20px 60px 
rgba(0, 0, 0, 0.3); padding: 32px; animation: slideInUp 0.6s ease-out;"[39m
              [36m>[39m
                [36m<div>[39m
                  [36m<div[39m
                    [33mstyle[39m=[32m"margin-bottom: 24px; animation: slideInUp 0.6s ease-out 0.1s 
backwards;"[39m
                  [36m>[39m
                    [36m<label[39m
                      [33mstyle[39m=[32m"display: block; font-size: 14px; font-weight: 600; color: 
rgb(55, 65, 81); margin-bottom: 8px;"[39m
                    [36m>[39m
                      [0mUsername[0m
                    [36m</label>[39m
                    [36m<input[39m
                      [33mplaceholder[39m=[32m"your_username"[39m
                      [33mstyle[39m=[32m"width: 100%; padding: 12px 16px; border-radius: 8px; border: 
2px solid rgba(255, 255, 255, 0.3); background-color: rgba(255, 255, 255, 0.9); font-size: 14px; 
transition: all 0.3s ease; box-sizing: border-box; outline: none; cursor: pointer;"[39m
                      [33mtype[39m=[32m"text"[39m
                      [33mvalue[39m=[32m"admin"[39m
                    [36m/>[39m
                  [36m</div>[39m
                  [36m<div[39m
                    [33mstyle[39m=[32m"margin-bottom: 24px; animation: slideInUp 0.6s ease-out 0.1s 
backwards;"[39m
                  [36m>[39m
                    [36m<label[39m
                      [33mstyle[39m=[32m"display: block; font-size: 14px; font-weight: 600; color: 
rgb(55, 65, 81); margin-bottom: 8px;"[39m
                    [36m>[39m
                      [0mMß║¡t Khß║⌐u[0m
                    [36m</label>[39m
                    [36m<div[39m
                      [33mstyle[39m=[32m"position: relative; display: flex; align-items: center;"[39m
                    [36m>[39m
                      [36m<input[39m
                        [33mplaceholder[39m=[32m"ΓÇóΓÇóΓÇóΓÇóΓÇóΓÇóΓÇóΓÇó"[39m
                        [33mstyle[39m=[32m"width: 100%; padding: 12px 16px; border-radius: 8px; 
border: 2px solid rgba(255, 255, 255, 0.3); background-color: rgba(255, 255, 255, 0.9); font-size: 14px; 
transition: all 0.3s ease; box-sizing: border-box; outline: none; cursor: pointer;"[39m
                        [33mtype[39m=[32m"password"[39m
                        [33mvalue[39m=[32m"admin123"[39m
                      [36m/>[39m
                      [36m<button[39m
                        [33mstyle[39m=[32m"position: absolute; right: 12px; background: none; 
font-size: 18px; cursor: pointer; padding: 4px 8px; transition: transform 0.2s ease; color: rgb(107, 
114, 128);"[39m
                        [33mtype[39m=[32m"button"[39m
                      [36m>[39m
                        [0m≡ƒæü∩╕Å[0m
                      [36m</button>[39m
                    [36m</div>[39m
                  [36m</div>[39m
                  [36m<div[39m
                    [33mstyle[39m=[32m"display: flex; justify-content: space-between; align-items: 
center; margin-bottom: 24px; font-size: 14px;"[39m
                  [36m>[39m
                    [36m<label[39m
                      [33mstyle[39m=[32m"display: flex; align-items: center; color: rgb(107, 114, 
128); cursor: pointer;"[39m
                    [36m>[39m
                      [36m<input[39m
                        [33mstyle[39m=[32m"margin-right: 8px; cursor: pointer;"[39m
                        [33mtype[39m=[32m"checkbox"[39m
                      [36m/>[39m
                      [36m<span>[39m
                        [0mNhß╗¢ mß║¡t khß║⌐u[0m
                      [36m</span>[39m
                    [36m</label>[39m
                    [36m<a[39m
                      [33mhref[39m=[32m"#"[39m
                      [33mstyle[39m=[32m"color: rgb(59, 130, 246); text-decoration: none; 
font-weight: 500; cursor: pointer; transition: color 0.2s ease;"[39m
                    [36m>[39m
                      [0mQu├¬n mß║¡t khß║⌐u?[0m
                    [36m</a>[39m
                  [36m</div>[39m
                  [36m<div[39m
                    [33mstyle[39m=[32m"background: rgba(239, 68, 68, 0.1); border-left: 4px solid 
rgb(239, 68, 68); color: rgb(220, 38, 38); padding: 12px; border-radius: 6px; font-size: 14px; 
margin-bottom: 24px; animation: shake 0.5s ease-in-out;"[39m
                  [36m>[39m
                    [0mLogin failed[0m
                  [36m</div>[39m
                  [36m<button[39m
                    [33mstyle[39m=[32m"width: 100%; padding: 12px 16px; border-radius: 8px; 
background: linear-gradient(135deg, #3b82f6, #2563eb); color: white; font-weight: 600; font-size: 18px; 
display: flex; align-items: center; justify-content: center; gap: 8px; cursor: pointer; transition: all 
0.3s ease; animation: slideInUp 0.6s ease-out 0.3s backwards; opacity: 1;"[39m
                  [36m>[39m
                    [36m<span[39m
                      [33mstyle[39m=[32m""[39m
                    [36m>[39m
                      [0mΓåÆ[0m
                    [36m</span>[39m
                    [36m<span>[39m
                      [0m─É─âng Nhß║¡p[0m
                    [36m</span>[39m
                  [36m</button>[39m
                  [36m<div[39m
                    [33mstyle[39m=[32m"height: 1px; background: linear-gradient(90deg, transparent, 
rgba(0, 0, 0, 0.1), transparent); margin: 24px 0px;"[39m
                  [36m/>[39m
                  [36m<p[39m
                    [33mstyle[39m=[32m"text-align: center; color: rgb(107, 114, 128); font-size: 
14px; margin: 0px;"[39m
                  [36m>[39m
                    [0mCh╞░a c├│ t├ái khoß║ún?[0m
                    [0m [0m
                    [36m<a[39m
                      [33mhref[39m=[32m"#"[39m
                      [33mstyle[39m=[32m"color: rgb(59, 130, 246); text-decoration: none; 
font-weight: 600; cursor: pointer;"[39m
                    [36m>[39m
                      [0m─É─âng k├╜ ngay[0m
                    [36m</a>[39m
                  [36m</p>[39m
                [36m</div>[39m
              [36m</div>[39m
              [36m<p[39m
                [33mstyle[39m=[32m"text-align: center; color: rgba(255, 255, 255, 0.6); font-size: 
12px; margin-top: 24px;"[39m
              [36m>[39m
                [0m┬⌐ 2025 Your Company. All rights reserved.[0m
              [36m</p>[39m
            [36m</div>[39m
          [36m</div>[39m
        [36m</div>[39m
      [36m</body>[39m
    [36m</html>[39m

    [0m [90m 167 |[39m       [36mawait[39m waitFor(() [33m=>[39m {
     [90m 168 |[39m         [36mconst[39m successMessage [33m=[39m 
screen[33m.[39mqueryByText([35m/─É─âng nhß║¡p th├ánh c├┤ng|Γ£ô ─É─âng nhß║¡p th├ánh 
c├┤ng/i[39m)[33m;[39m
    [31m[1m>[22m[39m[90m 169 |[39m         
expect(successMessage)[33m.[39mtoBeInTheDocument()[33m;[39m
     [90m     |[39m                                [31m[1m^[22m[39m
     [90m 170 |[39m       }[33m,[39m { timeout[33m:[39m [35m5000[39m })[33m;[39m
     [90m 171 |[39m     }[33m,[39m [35m10000[39m)[33m;[39m
     [90m 172 |[39m[0m

      at __EXTERNAL_MATCHER_TRAP__ (node_modules/expect/build/index.js:325:30)
      at Object.throwingMatcher [as toBeInTheDocument] (node_modules/expect/build/index.js:326:15)
      at toBeInTheDocument (src/tests/LoginIntegration.test.jsx:169:32)
      at runWithExpensiveErrorDiagnosticsDisabled 
(node_modules/@testing-library/dom/dist/config.js:47:12)
      at checkCallback (node_modules/@testing-library/dom/dist/wait-for.js:124:77)
      at checkRealTimersCallback (node_modules/@testing-library/dom/dist/wait-for.js:118:16)
      at Timeout.task [as _onTimeout] (node_modules/jsdom/lib/jsdom/browser/Window.js:579:19)

  ΓùÅ Login - Integration Testing ΓÇ║ Test 2: Form Submission v├á API Calls ΓÇ║ n├¬n pass ─æ├║ng 
username v├á password tß╗¢i API - user01

    expect(received).toBeInTheDocument()

    received value must be an HTMLElement or an SVGElement.
    Received has value: null

    Ignored nodes: comments, script, style
    [36m<html>[39m
      [36m<head />[39m
      [36m<body>[39m
        [36m<div>[39m
          [36m<div[39m
            [33mstyle[39m=[32m"min-height: 100vh; background: linear-gradient(135deg, #3b82f6 0%, 
#8b5cf6 100%); display: flex; align-items: center; justify-content: center; padding: 16px; font-family: 
Arial, sans-serif;"[39m
          [36m>[39m
            [36m<div[39m
              [33mstyle[39m=[32m"width: 100%; max-width: 400px; animation: slideInUp 0.6s 
ease-out;"[39m
            [36m>[39m
              [36m<div[39m
                [33mstyle[39m=[32m"text-align: center; margin-bottom: 32px;"[39m
              [36m>[39m
                [36m<div[39m
                  [33mstyle[39m=[32m"display: inline-block; margin-bottom: 16px; animation: float 3s 
ease-in-out infinite;"[39m
                [36m>[39m
                  [36m<div[39m
                    [33mstyle[39m=[32m"width: 64px; height: 64px; background: white; border-radius: 
50%; display: flex; align-items: center; justify-content: center; box-shadow: 0 10px 30px rgba(0, 0, 0, 
0.2); margin: 0px auto;"[39m
                  [36m>[39m
                    [36m<span[39m
                      [33mstyle[39m=[32m"font-size: 32px;"[39m
                    [36m>[39m
                      [0m≡ƒöÉ[0m
                    [36m</span>[39m
                  [36m</div>[39m
                [36m</div>[39m
                [36m<h1[39m
                  [33mstyle[39m=[32m"font-size: 36px; font-weight: bold; color: white; margin: 8px 
0px;"[39m
                [36m>[39m
                  [0m─É─âng Nhß║¡p[0m
                [36m</h1>[39m
                [36m<p[39m
                  [33mstyle[39m=[32m"font-size: 14px; color: rgba(255, 255, 255, 0.7); margin: 
0px;"[39m
                [36m>[39m
                  [0mCh├áo mß╗½ng bß║ín quay lß║íi[0m
                [36m</p>[39m
              [36m</div>[39m
              [36m<div[39m
                [33mstyle[39m=[32m"background: white; border-radius: 16px; box-shadow: 0 20px 60px 
rgba(0, 0, 0, 0.3); padding: 32px; animation: slideInUp 0.6s ease-out;"[39m
              [36m>[39m
                [36m<div>[39m
                  [36m<div[39m
                    [33mstyle[39m=[32m"margin-bottom: 24px; animation: slideInUp 0.6s ease-out 0.1s 
backwards;"[39m
                  [36m>[39m
                    [36m<label[39m
                      [33mstyle[39m=[32m"display: block; font-size: 14px; font-weight: 600; color: 
rgb(55, 65, 81); margin-bottom: 8px;"[39m
                    [36m>[39m
                      [0mUsername[0m
                    [36m</label>[39m
                    [36m<input[39m
                      [33mplaceholder[39m=[32m"your_username"[39m
                      [33mstyle[39m=[32m"width: 100%; padding: 12px 16px; border-radius: 8px; border: 
2px solid rgba(255, 255, 255, 0.3); background-color: rgba(255, 255, 255, 0.9); font-size: 14px; 
transition: all 0.3s ease; box-sizing: border-box; outline: none; cursor: pointer;"[39m
                      [33mtype[39m=[32m"text"[39m
                      [33mvalue[39m=[32m"user01"[39m
                    [36m/>[39m
                  [36m</div>[39m
                  [36m<div[39m
                    [33mstyle[39m=[32m"margin-bottom: 24px; animation: slideInUp 0.6s ease-out 0.1s 
backwards;"[39m
                  [36m>[39m
                    [36m<label[39m
                      [33mstyle[39m=[32m"display: block; font-size: 14px; font-weight: 600; color: 
rgb(55, 65, 81); margin-bottom: 8px;"[39m
                    [36m>[39m
                      [0mMß║¡t Khß║⌐u[0m
                    [36m</label>[39m
                    [36m<div[39m
                      [33mstyle[39m=[32m"position: relative; display: flex; align-items: center;"[39m
                    [36m>[39m
                      [36m<input[39m
                        [33mplaceholder[39m=[32m"ΓÇóΓÇóΓÇóΓÇóΓÇóΓÇóΓÇóΓÇó"[39m
                        [33mstyle[39m=[32m"width: 100%; padding: 12px 16px; border-radius: 8px; 
border: 2px solid rgba(255, 255, 255, 0.3); background-color: rgba(255, 255, 255, 0.9); font-size: 14px; 
transition: all 0.3s ease; box-sizing: border-box; outline: none; cursor: pointer;"[39m
                        [33mtype[39m=[32m"password"[39m
                        [33mvalue[39m=[32m"password123"[39m
                      [36m/>[39m
                      [36m<button[39m
                        [33mstyle[39m=[32m"position: absolute; right: 12px; background: none; 
font-size: 18px; cursor: pointer; padding: 4px 8px; transition: transform 0.2s ease; color: rgb(107, 
114, 128);"[39m
                        [33mtype[39m=[32m"button"[39m
                      [36m>[39m
                        [0m≡ƒæü∩╕Å[0m
                      [36m</button>[39m
                    [36m</div>[39m
                  [36m</div>[39m
                  [36m<div[39m
                    [33mstyle[39m=[32m"display: flex; justify-content: space-between; align-items: 
center; margin-bottom: 24px; font-size: 14px;"[39m
                  [36m>[39m
                    [36m<label[39m
                      [33mstyle[39m=[32m"display: flex; align-items: center; color: rgb(107, 114, 
128); cursor: pointer;"[39m
                    [36m>[39m
                      [36m<input[39m
                        [33mstyle[39m=[32m"margin-right: 8px; cursor: pointer;"[39m
                        [33mtype[39m=[32m"checkbox"[39m
                      [36m/>[39m
                      [36m<span>[39m
                        [0mNhß╗¢ mß║¡t khß║⌐u[0m
                      [36m</span>[39m
                    [36m</label>[39m
                    [36m<a[39m
                      [33mhref[39m=[32m"#"[39m
                      [33mstyle[39m=[32m"color: rgb(59, 130, 246); text-decoration: none; 
font-weight: 500; cursor: pointer; transition: color 0.2s ease;"[39m
                    [36m>[39m
                      [0mQu├¬n mß║¡t khß║⌐u?[0m
                    [36m</a>[39m
                  [36m</div>[39m
                  [36m<div[39m
                    [33mstyle[39m=[32m"background: rgba(239, 68, 68, 0.1); border-left: 4px solid 
rgb(239, 68, 68); color: rgb(220, 38, 38); padding: 12px; border-radius: 6px; font-size: 14px; 
margin-bottom: 24px; animation: shake 0.5s ease-in-out;"[39m
                  [36m>[39m
                    [0mLogin failed[0m
                  [36m</div>[39m
                  [36m<button[39m
                    [33mstyle[39m=[32m"width: 100%; padding: 12px 16px; border-radius: 8px; 
background: linear-gradient(135deg, #3b82f6, #2563eb); color: white; font-weight: 600; font-size: 18px; 
display: flex; align-items: center; justify-content: center; gap: 8px; cursor: pointer; transition: all 
0.3s ease; animation: slideInUp 0.6s ease-out 0.3s backwards; opacity: 1;"[39m
                  [36m>[39m
                    [36m<span[39m
                      [33mstyle[39m=[32m""[39m
                    [36m>[39m
                      [0mΓåÆ[0m
                    [36m</span>[39m
                    [36m<span>[39m
                      [0m─É─âng Nhß║¡p[0m
                    [36m</span>[39m
                  [36m</button>[39m
                  [36m<div[39m
                    [33mstyle[39m=[32m"height: 1px; background: linear-gradient(90deg, transparent, 
rgba(0, 0, 0, 0.1), transparent); margin: 24px 0px;"[39m
                  [36m/>[39m
                  [36m<p[39m
                    [33mstyle[39m=[32m"text-align: center; color: rgb(107, 114, 128); font-size: 
14px; margin: 0px;"[39m
                  [36m>[39m
                    [0mCh╞░a c├│ t├ái khoß║ún?[0m
                    [0m [0m
                    [36m<a[39m
                      [33mhref[39m=[32m"#"[39m
                      [33mstyle[39m=[32m"color: rgb(59, 130, 246); text-decoration: none; 
font-weight: 600; cursor: pointer;"[39m
                    [36m>[39m
                      [0m─É─âng k├╜ ngay[0m
                    [36m</a>[39m
                  [36m</p>[39m
                [36m</div>[39m
              [36m</div>[39m
              [36m<p[39m
                [33mstyle[39m=[32m"text-align: center; color: rgba(255, 255, 255, 0.6); font-size: 
12px; margin-top: 24px;"[39m
              [36m>[39m
                [0m┬⌐ 2025 Your Company. All rights reserved.[0m
              [36m</p>[39m
            [36m</div>[39m
          [36m</div>[39m
        [36m</div>[39m
      [36m</body>[39m
    [36m</html>[39m

    [0m [90m 187 |[39m       [36mawait[39m waitFor(() [33m=>[39m {
     [90m 188 |[39m         [36mconst[39m successMessage [33m=[39m 
screen[33m.[39mqueryByText([35m/─É─âng nhß║¡p th├ánh c├┤ng|Γ£ô ─É─âng nhß║¡p th├ánh 
c├┤ng/i[39m)[33m;[39m
    [31m[1m>[22m[39m[90m 189 |[39m         
expect(successMessage)[33m.[39mtoBeInTheDocument()[33m;[39m
     [90m     |[39m                                [31m[1m^[22m[39m
     [90m 190 |[39m       }[33m,[39m { timeout[33m:[39m [35m5000[39m })[33m;[39m
     [90m 191 |[39m     }[33m,[39m [35m10000[39m)[33m;[39m
     [90m 192 |[39m[0m

      at __EXTERNAL_MATCHER_TRAP__ (node_modules/expect/build/index.js:325:30)
      at Object.throwingMatcher [as toBeInTheDocument] (node_modules/expect/build/index.js:326:15)
      at toBeInTheDocument (src/tests/LoginIntegration.test.jsx:189:32)
      at runWithExpensiveErrorDiagnosticsDisabled 
(node_modules/@testing-library/dom/dist/config.js:47:12)
      at checkCallback (node_modules/@testing-library/dom/dist/wait-for.js:124:77)
      at checkRealTimersCallback (node_modules/@testing-library/dom/dist/wait-for.js:118:16)
      at Timeout.task [as _onTimeout] (node_modules/jsdom/lib/jsdom/browser/Window.js:579:19)

  ΓùÅ Login - Integration Testing ΓÇ║ Test 2: Form Submission v├á API Calls ΓÇ║ n├¬n hiß╗ân thß╗ï 
success message khi API trß║ú vß╗ü success - testuser

    expect(received).toBeInTheDocument()

    received value must be an HTMLElement or an SVGElement.
    Received has value: null

    Ignored nodes: comments, script, style
    [36m<html>[39m
      [36m<head />[39m
      [36m<body>[39m
        [36m<div>[39m
          [36m<div[39m
            [33mstyle[39m=[32m"min-height: 100vh; background: linear-gradient(135deg, #3b82f6 0%, 
#8b5cf6 100%); display: flex; align-items: center; justify-content: center; padding: 16px; font-family: 
Arial, sans-serif;"[39m
          [36m>[39m
            [36m<div[39m
              [33mstyle[39m=[32m"width: 100%; max-width: 400px; animation: slideInUp 0.6s 
ease-out;"[39m
            [36m>[39m
              [36m<div[39m
                [33mstyle[39m=[32m"text-align: center; margin-bottom: 32px;"[39m
              [36m>[39m
                [36m<div[39m
                  [33mstyle[39m=[32m"display: inline-block; margin-bottom: 16px; animation: float 3s 
ease-in-out infinite;"[39m
                [36m>[39m
                  [36m<div[39m
                    [33mstyle[39m=[32m"width: 64px; height: 64px; background: white; border-radius: 
50%; display: flex; align-items: center; justify-content: center; box-shadow: 0 10px 30px rgba(0, 0, 0, 
0.2); margin: 0px auto;"[39m
                  [36m>[39m
                    [36m<span[39m
                      [33mstyle[39m=[32m"font-size: 32px;"[39m
                    [36m>[39m
                      [0m≡ƒöÉ[0m
                    [36m</span>[39m
                  [36m</div>[39m
                [36m</div>[39m
                [36m<h1[39m
                  [33mstyle[39m=[32m"font-size: 36px; font-weight: bold; color: white; margin: 8px 
0px;"[39m
                [36m>[39m
                  [0m─É─âng Nhß║¡p[0m
                [36m</h1>[39m
                [36m<p[39m
                  [33mstyle[39m=[32m"font-size: 14px; color: rgba(255, 255, 255, 0.7); margin: 
0px;"[39m
                [36m>[39m
                  [0mCh├áo mß╗½ng bß║ín quay lß║íi[0m
                [36m</p>[39m
              [36m</div>[39m
              [36m<div[39m
                [33mstyle[39m=[32m"background: white; border-radius: 16px; box-shadow: 0 20px 60px 
rgba(0, 0, 0, 0.3); padding: 32px; animation: slideInUp 0.6s ease-out;"[39m
              [36m>[39m
                [36m<div>[39m
                  [36m<div[39m
                    [33mstyle[39m=[32m"margin-bottom: 24px; animation: slideInUp 0.6s ease-out 0.1s 
backwards;"[39m
                  [36m>[39m
                    [36m<label[39m
                      [33mstyle[39m=[32m"display: block; font-size: 14px; font-weight: 600; color: 
rgb(55, 65, 81); margin-bottom: 8px;"[39m
                    [36m>[39m
                      [0mUsername[0m
                    [36m</label>[39m
                    [36m<input[39m
                      [33mplaceholder[39m=[32m"your_username"[39m
                      [33mstyle[39m=[32m"width: 100%; padding: 12px 16px; border-radius: 8px; border: 
2px solid rgba(255, 255, 255, 0.3); background-color: rgba(255, 255, 255, 0.9); font-size: 14px; 
transition: all 0.3s ease; box-sizing: border-box; outline: none; cursor: pointer;"[39m
                      [33mtype[39m=[32m"text"[39m
                      [33mvalue[39m=[32m"testuser"[39m
                    [36m/>[39m
                  [36m</div>[39m
                  [36m<div[39m
                    [33mstyle[39m=[32m"margin-bottom: 24px; animation: slideInUp 0.6s ease-out 0.1s 
backwards;"[39m
                  [36m>[39m
                    [36m<label[39m
                      [33mstyle[39m=[32m"display: block; font-size: 14px; font-weight: 600; color: 
rgb(55, 65, 81); margin-bottom: 8px;"[39m
                    [36m>[39m
                      [0mMß║¡t Khß║⌐u[0m
                    [36m</label>[39m
                    [36m<div[39m
                      [33mstyle[39m=[32m"position: relative; display: flex; align-items: center;"[39m
                    [36m>[39m
                      [36m<input[39m
                        [33mplaceholder[39m=[32m"ΓÇóΓÇóΓÇóΓÇóΓÇóΓÇóΓÇóΓÇó"[39m
                        [33mstyle[39m=[32m"width: 100%; padding: 12px 16px; border-radius: 8px; 
border: 2px solid rgba(255, 255, 255, 0.3); background-color: rgba(255, 255, 255, 0.9); font-size: 14px; 
transition: all 0.3s ease; box-sizing: border-box; outline: none; cursor: pointer;"[39m
                        [33mtype[39m=[32m"password"[39m
                        [33mvalue[39m=[32m"test1234"[39m
                      [36m/>[39m
                      [36m<button[39m
                        [33mstyle[39m=[32m"position: absolute; right: 12px; background: none; 
font-size: 18px; cursor: pointer; padding: 4px 8px; transition: transform 0.2s ease; color: rgb(107, 
114, 128);"[39m
                        [33mtype[39m=[32m"button"[39m
                      [36m>[39m
                        [0m≡ƒæü∩╕Å[0m
                      [36m</button>[39m
                    [36m</div>[39m
                  [36m</div>[39m
                  [36m<div[39m
                    [33mstyle[39m=[32m"display: flex; justify-content: space-between; align-items: 
center; margin-bottom: 24px; font-size: 14px;"[39m
                  [36m>[39m
                    [36m<label[39m
                      [33mstyle[39m=[32m"display: flex; align-items: center; color: rgb(107, 114, 
128); cursor: pointer;"[39m
                    [36m>[39m
                      [36m<input[39m
                        [33mstyle[39m=[32m"margin-right: 8px; cursor: pointer;"[39m
                        [33mtype[39m=[32m"checkbox"[39m
                      [36m/>[39m
                      [36m<span>[39m
                        [0mNhß╗¢ mß║¡t khß║⌐u[0m
                      [36m</span>[39m
                    [36m</label>[39m
                    [36m<a[39m
                      [33mhref[39m=[32m"#"[39m
                      [33mstyle[39m=[32m"color: rgb(59, 130, 246); text-decoration: none; 
font-weight: 500; cursor: pointer; transition: color 0.2s ease;"[39m
                    [36m>[39m
                      [0mQu├¬n mß║¡t khß║⌐u?[0m
                    [36m</a>[39m
                  [36m</div>[39m
                  [36m<div[39m
                    [33mstyle[39m=[32m"background: rgba(239, 68, 68, 0.1); border-left: 4px solid 
rgb(239, 68, 68); color: rgb(220, 38, 38); padding: 12px; border-radius: 6px; font-size: 14px; 
margin-bottom: 24px; animation: shake 0.5s ease-in-out;"[39m
                  [36m>[39m
                    [0mLogin failed[0m
                  [36m</div>[39m
                  [36m<button[39m
                    [33mstyle[39m=[32m"width: 100%; padding: 12px 16px; border-radius: 8px; 
background: linear-gradient(135deg, #3b82f6, #2563eb); color: white; font-weight: 600; font-size: 18px; 
display: flex; align-items: center; justify-content: center; gap: 8px; cursor: pointer; transition: all 
0.3s ease; animation: slideInUp 0.6s ease-out 0.3s backwards; opacity: 1;"[39m
                  [36m>[39m
                    [36m<span[39m
                      [33mstyle[39m=[32m""[39m
                    [36m>[39m
                      [0mΓåÆ[0m
                    [36m</span>[39m
                    [36m<span>[39m
                      [0m─É─âng Nhß║¡p[0m
                    [36m</span>[39m
                  [36m</button>[39m
                  [36m<div[39m
                    [33mstyle[39m=[32m"height: 1px; background: linear-gradient(90deg, transparent, 
rgba(0, 0, 0, 0.1), transparent); margin: 24px 0px;"[39m
                  [36m/>[39m
                  [36m<p[39m
                    [33mstyle[39m=[32m"text-align: center; color: rgb(107, 114, 128); font-size: 
14px; margin: 0px;"[39m
                  [36m>[39m
                    [0mCh╞░a c├│ t├ái khoß║ún?[0m
                    [0m [0m
                    [36m<a[39m
                      [33mhref[39m=[32m"#"[39m
                      [33mstyle[39m=[32m"color: rgb(59, 130, 246); text-decoration: none; 
font-weight: 600; cursor: pointer;"[39m
                    [36m>[39m
                      [0m─É─âng k├╜ ngay[0m
                    [36m</a>[39m
                  [36m</p>[39m
                [36m</div>[39m
              [36m</div>[39m
              [36m<p[39m
                [33mstyle[39m=[32m"text-align: center; color: rgba(255, 255, 255, 0.6); font-size: 
12px; margin-top: 24px;"[39m
              [36m>[39m
                [0m┬⌐ 2025 Your Company. All rights reserved.[0m
              [36m</p>[39m
            [36m</div>[39m
          [36m</div>[39m
        [36m</div>[39m
      [36m</body>[39m
    [36m</html>[39m

    [0m [90m 260 |[39m       [36mawait[39m waitFor(() [33m=>[39m {
     [90m 261 |[39m         [36mconst[39m successMessage [33m=[39m 
screen[33m.[39mqueryByText([35m/─É─âng nhß║¡p th├ánh c├┤ng|Γ£ô ─É─âng nhß║¡p th├ánh 
c├┤ng/i[39m)[33m;[39m
    [31m[1m>[22m[39m[90m 262 |[39m         
expect(successMessage)[33m.[39mtoBeInTheDocument()[33m;[39m
     [90m     |[39m                                [31m[1m^[22m[39m
     [90m 263 |[39m       }[33m,[39m { timeout[33m:[39m [35m5000[39m })[33m;[39m
     [90m 264 |[39m     }[33m,[39m [35m10000[39m)[33m;[39m
     [90m 265 |[39m   })[33m;[39m[0m

      at __EXTERNAL_MATCHER_TRAP__ (node_modules/expect/build/index.js:325:30)
      at Object.throwingMatcher [as toBeInTheDocument] (node_modules/expect/build/index.js:326:15)
      at toBeInTheDocument (src/tests/LoginIntegration.test.jsx:262:32)
      at runWithExpensiveErrorDiagnosticsDisabled 
(node_modules/@testing-library/dom/dist/config.js:47:12)
      at checkCallback (node_modules/@testing-library/dom/dist/wait-for.js:124:77)
      at checkRealTimersCallback (node_modules/@testing-library/dom/dist/wait-for.js:118:16)
      at Timeout.task [as _onTimeout] (node_modules/jsdom/lib/jsdom/browser/Window.js:579:19)

  ΓùÅ Login - Integration Testing ΓÇ║ Test 3: Error Handling v├á Success Messages ΓÇ║ n├¬n hiß╗ân thß╗ï 
success message khi login th├ánh c├┤ng

    expect(received).toBeInTheDocument()

    received value must be an HTMLElement or an SVGElement.
    Received has value: null

    Ignored nodes: comments, script, style
    [36m<html>[39m
      [36m<head />[39m
      [36m<body>[39m
        [36m<div>[39m
          [36m<div[39m
            [33mstyle[39m=[32m"min-height: 100vh; background: linear-gradient(135deg, #3b82f6 0%, 
#8b5cf6 100%); display: flex; align-items: center; justify-content: center; padding: 16px; font-family: 
Arial, sans-serif;"[39m
          [36m>[39m
            [36m<div[39m
              [33mstyle[39m=[32m"width: 100%; max-width: 400px; animation: slideInUp 0.6s 
ease-out;"[39m
            [36m>[39m
              [36m<div[39m
                [33mstyle[39m=[32m"text-align: center; margin-bottom: 32px;"[39m
              [36m>[39m
                [36m<div[39m
                  [33mstyle[39m=[32m"display: inline-block; margin-bottom: 16px; animation: float 3s 
ease-in-out infinite;"[39m
                [36m>[39m
                  [36m<div[39m
                    [33mstyle[39m=[32m"width: 64px; height: 64px; background: white; border-radius: 
50%; display: flex; align-items: center; justify-content: center; box-shadow: 0 10px 30px rgba(0, 0, 0, 
0.2); margin: 0px auto;"[39m
                  [36m>[39m
                    [36m<span[39m
                      [33mstyle[39m=[32m"font-size: 32px;"[39m
                    [36m>[39m
                      [0m≡ƒöÉ[0m
                    [36m</span>[39m
                  [36m</div>[39m
                [36m</div>[39m
                [36m<h1[39m
                  [33mstyle[39m=[32m"font-size: 36px; font-weight: bold; color: white; margin: 8px 
0px;"[39m
                [36m>[39m
                  [0m─É─âng Nhß║¡p[0m
                [36m</h1>[39m
                [36m<p[39m
                  [33mstyle[39m=[32m"font-size: 14px; color: rgba(255, 255, 255, 0.7); margin: 
0px;"[39m
                [36m>[39m
                  [0mCh├áo mß╗½ng bß║ín quay lß║íi[0m
                [36m</p>[39m
              [36m</div>[39m
              [36m<div[39m
                [33mstyle[39m=[32m"background: white; border-radius: 16px; box-shadow: 0 20px 60px 
rgba(0, 0, 0, 0.3); padding: 32px; animation: slideInUp 0.6s ease-out;"[39m
              [36m>[39m
                [36m<div>[39m
                  [36m<div[39m
                    [33mstyle[39m=[32m"margin-bottom: 24px; animation: slideInUp 0.6s ease-out 0.1s 
backwards;"[39m
                  [36m>[39m
                    [36m<label[39m
                      [33mstyle[39m=[32m"display: block; font-size: 14px; font-weight: 600; color: 
rgb(55, 65, 81); margin-bottom: 8px;"[39m
                    [36m>[39m
                      [0mUsername[0m
                    [36m</label>[39m
                    [36m<input[39m
                      [33mplaceholder[39m=[32m"your_username"[39m
                      [33mstyle[39m=[32m"width: 100%; padding: 12px 16px; border-radius: 8px; border: 
2px solid rgba(255, 255, 255, 0.3); background-color: rgba(255, 255, 255, 0.9); font-size: 14px; 
transition: all 0.3s ease; box-sizing: border-box; outline: none; cursor: pointer;"[39m
                      [33mtype[39m=[32m"text"[39m
                      [33mvalue[39m=[32m"admin"[39m
                    [36m/>[39m
                  [36m</div>[39m
                  [36m<div[39m
                    [33mstyle[39m=[32m"margin-bottom: 24px; animation: slideInUp 0.6s ease-out 0.1s 
backwards;"[39m
                  [36m>[39m
                    [36m<label[39m
                      [33mstyle[39m=[32m"display: block; font-size: 14px; font-weight: 600; color: 
rgb(55, 65, 81); margin-bottom: 8px;"[39m
                    [36m>[39m
                      [0mMß║¡t Khß║⌐u[0m
                    [36m</label>[39m
                    [36m<div[39m
                      [33mstyle[39m=[32m"position: relative; display: flex; align-items: center;"[39m
                    [36m>[39m
                      [36m<input[39m
                        [33mplaceholder[39m=[32m"ΓÇóΓÇóΓÇóΓÇóΓÇóΓÇóΓÇóΓÇó"[39m
                        [33mstyle[39m=[32m"width: 100%; padding: 12px 16px; border-radius: 8px; 
border: 2px solid rgba(255, 255, 255, 0.3); background-color: rgba(255, 255, 255, 0.9); font-size: 14px; 
transition: all 0.3s ease; box-sizing: border-box; outline: none; cursor: pointer;"[39m
                        [33mtype[39m=[32m"password"[39m
                        [33mvalue[39m=[32m"admin123"[39m
                      [36m/>[39m
                      [36m<button[39m
                        [33mstyle[39m=[32m"position: absolute; right: 12px; background: none; 
font-size: 18px; cursor: pointer; padding: 4px 8px; transition: transform 0.2s ease; color: rgb(107, 
114, 128);"[39m
                        [33mtype[39m=[32m"button"[39m
                      [36m>[39m
                        [0m≡ƒæü∩╕Å[0m
                      [36m</button>[39m
                    [36m</div>[39m
                  [36m</div>[39m
                  [36m<div[39m
                    [33mstyle[39m=[32m"display: flex; justify-content: space-between; align-items: 
center; margin-bottom: 24px; font-size: 14px;"[39m
                  [36m>[39m
                    [36m<label[39m
                      [33mstyle[39m=[32m"display: flex; align-items: center; color: rgb(107, 114, 
128); cursor: pointer;"[39m
                    [36m>[39m
                      [36m<input[39m
                        [33mstyle[39m=[32m"margin-right: 8px; cursor: pointer;"[39m
                        [33mtype[39m=[32m"checkbox"[39m
                      [36m/>[39m
                      [36m<span>[39m
                        [0mNhß╗¢ mß║¡t khß║⌐u[0m
                      [36m</span>[39m
                    [36m</label>[39m
                    [36m<a[39m
                      [33mhref[39m=[32m"#"[39m
                      [33mstyle[39m=[32m"color: rgb(59, 130, 246); text-decoration: none; 
font-weight: 500; cursor: pointer; transition: color 0.2s ease;"[39m
                    [36m>[39m
                      [0mQu├¬n mß║¡t khß║⌐u?[0m
                    [36m</a>[39m
                  [36m</div>[39m
                  [36m<div[39m
                    [33mstyle[39m=[32m"background: rgba(239, 68, 68, 0.1); border-left: 4px solid 
rgb(239, 68, 68); color: rgb(220, 38, 38); padding: 12px; border-radius: 6px; font-size: 14px; 
margin-bottom: 24px; animation: shake 0.5s ease-in-out;"[39m
                  [36m>[39m
                    [0mLogin failed[0m
                  [36m</div>[39m
                  [36m<button[39m
                    [33mstyle[39m=[32m"width: 100%; padding: 12px 16px; border-radius: 8px; 
background: linear-gradient(135deg, #3b82f6, #2563eb); color: white; font-weight: 600; font-size: 18px; 
display: flex; align-items: center; justify-content: center; gap: 8px; cursor: pointer; transition: all 
0.3s ease; animation: slideInUp 0.6s ease-out 0.3s backwards; opacity: 1;"[39m
                  [36m>[39m
                    [36m<span[39m
                      [33mstyle[39m=[32m""[39m
                    [36m>[39m
                      [0mΓåÆ[0m
                    [36m</span>[39m
                    [36m<span>[39m
                      [0m─É─âng Nhß║¡p[0m
                    [36m</span>[39m
                  [36m</button>[39m
                  [36m<div[39m
                    [33mstyle[39m=[32m"height: 1px; background: linear-gradient(90deg, transparent, 
rgba(0, 0, 0, 0.1), transparent); margin: 24px 0px;"[39m
                  [36m/>[39m
                  [36m<p[39m
                    [33mstyle[39m=[32m"text-align: center; color: rgb(107, 114, 128); font-size: 
14px; margin: 0px;"[39m
                  [36m>[39m
                    [0mCh╞░a c├│ t├ái khoß║ún?[0m
                    [0m [0m
                    [36m<a[39m
                      [33mhref[39m=[32m"#"[39m
                      [33mstyle[39m=[32m"color: rgb(59, 130, 246); text-decoration: none; 
font-weight: 600; cursor: pointer;"[39m
                    [36m>[39m
                      [0m─É─âng k├╜ ngay[0m
                    [36m</a>[39m
                  [36m</p>[39m
                [36m</div>[39m
              [36m</div>[39m
              [36m<p[39m
                [33mstyle[39m=[32m"text-align: center; color: rgba(255, 255, 255, 0.6); font-size: 
12px; margin-top: 24px;"[39m
              [36m>[39m
                [0m┬⌐ 2025 Your Company. All rights reserved.[0m
              [36m</p>[39m
            [36m</div>[39m
          [36m</div>[39m
        [36m</div>[39m
      [36m</body>[39m
    [36m</html>[39m

    [0m [90m 373 |[39m       [36mawait[39m waitFor(() [33m=>[39m {
     [90m 374 |[39m         [36mconst[39m successMessage [33m=[39m 
screen[33m.[39mqueryByText([35m/─É─âng nhß║¡p th├ánh c├┤ng|Γ£ô ─É─âng nhß║¡p th├ánh 
c├┤ng/i[39m)[33m;[39m
    [31m[1m>[22m[39m[90m 375 |[39m         
expect(successMessage)[33m.[39mtoBeInTheDocument()[33m;[39m
     [90m     |[39m                                [31m[1m^[22m[39m
     [90m 376 |[39m       }[33m,[39m { timeout[33m:[39m [35m5000[39m })[33m;[39m
     [90m 377 |[39m     }[33m,[39m [35m10000[39m)[33m;[39m
     [90m 378 |[39m[0m

      at __EXTERNAL_MATCHER_TRAP__ (node_modules/expect/build/index.js:325:30)
      at Object.throwingMatcher [as toBeInTheDocument] (node_modules/expect/build/index.js:326:15)
      at toBeInTheDocument (src/tests/LoginIntegration.test.jsx:375:32)
      at runWithExpensiveErrorDiagnosticsDisabled 
(node_modules/@testing-library/dom/dist/config.js:47:12)
      at checkCallback (node_modules/@testing-library/dom/dist/wait-for.js:124:77)
      at checkRealTimersCallback (node_modules/@testing-library/dom/dist/wait-for.js:118:16)
      at Timeout.task [as _onTimeout] (node_modules/jsdom/lib/jsdom/browser/Window.js:579:19)

A worker process has failed to exit gracefully and has been force exited. This is likely caused by tests 
leaking due to improper teardown. Try running with --detectOpenHandles to find leaks. Active timers can 
also cause this, ensure that .unref() was called on them.
Test Suites: 1 failed, 5 passed, 6 total
Tests:       4 failed, 179 passed, 183 total
Snapshots:   0 total
Time:        44.21 s
Ran all test suites.
